
teja@teja MINGW64 ~/Desktop/VSC2/Zomato-Landing (master)
$ git status
On branch master

No commits yet

Untracked files:
  (use "git add <file>..." to include in what will be committed)
        README.md

nothing added to commit but untracked files present (use "git add" to track)

teja@teja MINGW64 ~/Desktop/VSC2/Zomato-Landing (master)     
$ git add README.md

teja@teja MINGW64 ~/Desktop/VSC2/Zomato-Landing (master)     
$ git status
On branch master

No commits yet

Changes to be committed:
  (use "git rm --cached <file>..." to unstage)
        new file:   README.md


teja@teja MINGW64 ~/Desktop/VSC2/Zomato-Landing (master)     
$ git commit -m "Added the README.md file"
Author identity unknown

*** Please tell me who you are.

Run

  git config --global user.email "you@example.com"
  git config --global user.name "Your Name"

to set your account's default identity.
Omit --global to set the identity only in this repository.   

fatal: unable to auto-detect email address (got 'teja@teja.(none)')

teja@teja MINGW64 ~/Desktop/VSC2/Zomato-Landing (master)     
$ git config --global user.name "tejaspatil"

teja@teja MINGW64 ~/Desktop/VSC2/Zomato-Landing (master)
$ git config --global user.email "tejaspatil1216@gmail.com"        

teja@teja MINGW64 ~/Desktop/VSC2/Zomato-Landing (master)
$ git commit -m "Added the README.md file"
[master (root-commit) 0689414] Added the README.md file
 1 file changed, 0 insertions(+), 0 deletions(-)
 create mode 100644 README.md

teja@teja MINGW64 ~/Desktop/VSC2/Zomato-Landing (master)
$ git push origin master
info: please complete authentication in your browser...
Enumerating objects: 3, done.      
Counting objects: 100% (3/3), done.
Writing objects: 100% (3/3), 225 bytes | 225.00 KiB/s, done.       
Total 3 (delta 0), reused 0 (delta 0), pack-reused 0 (from 0)      
remote: 
remote: Create a pull request for 'master' on GitHub by visiting:  
remote:      https://github.com/tejaspatil3/Zomato-landing-page-1/pull/new/master
remote:
To https://github.com/tejaspatil3/Zomato-landing-page-1.git        
 * [new branch]      master -> master

teja@teja MINGW64 ~/Desktop/VSC2/Zomato-Landing (master)
$

teja@teja MINGW64 ~/Desktop/VSC2/Zomato-Landing (master)
$ git push
fatal: The current branch master has no upstream branch.
To push the current branch and set the remote as upstream, use     

    git push --set-upstream origin master

To have this happen automatically for branches without a tracking  
upstream, see 'push.autoSetupRemote' in 'git help config'.


teja@teja MINGW64 ~/Desktop/VSC2/Zomato-Landing (master)
$  git push --set-upstream origin master
branch 'master' set up to track 'origin/master'.
Everything up-to-date

teja@teja MINGW64 ~/Desktop/VSC2/Zomato-Landing (master)
$ git status
On branch master
Your branch is up to date with 'origin/master'.

Changes not staged for commit:
  (use "git add <file>..." to update what will be committed)       
  (use "git restore <file>..." to discard changes in working directory)
        modified:   README.md

no changes added to commit (use "git add" and/or "git commit -a")  

teja@teja MINGW64 ~/Desktop/VSC2/Zomato-Landing (master)
$ git push
Everything up-to-date

teja@teja MINGW64 ~/Desktop/VSC2/Zomato-Landing (master)
$  git push --set-upstream origin master
branch 'master' set up to track 'origin/master'.
Everything up-to-date

teja@teja MINGW64 ~/Desktop/VSC2/Zomato-Landing (master)
$ git status
On branch master
Your branch is up to date with 'origin/master'.

Changes not staged for commit:
  (use "git add <file>..." to update what will be committed)       
  (use "git restore <file>..." to discard changes in working directory)
        modified:   README.md

no changes added to commit (use "git add" and/or "git commit -a")  

teja@teja MINGW64 ~/Desktop/VSC2/Zomato-Landing (master)
$ git push
Everything up-to-date

teja@teja MINGW64 ~/Desktop/VSC2/Zomato-Landing (master)
$ git add .

teja@teja MINGW64 ~/Desktop/VSC2/Zomato-Landing (master)
$  git push --set-upstream origin master
branch 'master' set up to track 'origin/master'.
Everything up-to-date

teja@teja MINGW64 ~/Desktop/VSC2/Zomato-Landing (master)
$ git push
Everything up-to-date

teja@teja MINGW64 ~/Desktop/VSC2/Zomato-Landing (master)
$ git status
On branch master
Your branch is up to date with 'origin/master'.

Changes to be committed:
  (use "git restore --staged <file>..." to unstage)
        modified:   README.md


teja@teja MINGW64 ~/Desktop/VSC2/Zomato-Landing (master)
$ git status
On branch master
Your branch is up to date with 'origin/master'.

Changes to be committed:
  (use "git restore --staged <file>..." to unstage)
        modified:   README.md

Changes not staged for commit:
  (use "git add <file>..." to update what will be committed)       
  (use "git restore <file>..." to discard changes in working directory)
        modified:   README.md


teja@teja MINGW64 ~/Desktop/VSC2/Zomato-Landing (master)
$  git push --set-upstream origin master
branch 'master' set up to track 'origin/master'.
Everything up-to-date

teja@teja MINGW64 ~/Desktop/VSC2/Zomato-Landing (master)
$ git push
Everything up-to-date

teja@teja MINGW64 ~/Desktop/VSC2/Zomato-Landing (master)
$ git status
On branch master
Your branch is up to date with 'origin/master'.

Changes to be committed:
  (use "git restore --staged <file>..." to unstage)
        modified:   README.md

Changes not staged for commit:
  (use "git add <file>..." to update what will be committed)       
  (use "git restore <file>..." to discard changes in working directory)
        modified:   README.md


teja@teja MINGW64 ~/Desktop/VSC2/Zomato-Landing (master)
$ git add .

teja@teja MINGW64 ~/Desktop/VSC2/Zomato-Landing (master)
$  git push --set-upstream origin master
branch 'master' set up to track 'origin/master'.
Everything up-to-date

teja@teja MINGW64 ~/Desktop/VSC2/Zomato-Landing (master)
$ git push
Everything up-to-date

teja@teja MINGW64 ~/Desktop/VSC2/Zomato-Landing (master)
$ git status
On branch master
Your branch is up to date with 'origin/master'.

Changes to be committed:
  (use "git restore --staged <file>..." to unstage)
        modified:   README.md


teja@teja MINGW64 ~/Desktop/VSC2/Zomato-Landing (master)
$ git commit -m "Updated the README file"
[master 96782a4] Updated the README file
 1 file changed, 1 insertion(+)

teja@teja MINGW64 ~/Desktop/VSC2/Zomato-Landing (master)
$ git push
Enumerating objects: 5, done.
Counting objects: 100% (5/5), done.
Writing objects: 100% (3/3), 292 bytes | 73.00 KiB/s, done.        
Total 3 (delta 0), reused 0 (delta 0), pack-reused 0 (from 0)      
To https://github.com/tejaspatil3/Zomato-landing-page-1.git
   0689414..96782a4  master -> master

teja@teja MINGW64 ~/Desktop/VSC2/Zomato-Landing (master)
$ git commit -m "Second Line Added"
On branch master
Your branch is up to date with 'origin/master'.

Changes not staged for commit:
  (use "git add <file>..." to update what will be committed)       
  (use "git restore <file>..." to discard changes in working directory)
        modified:   README.md

no changes added to commit (use "git add" and/or "git commit -a")  

teja@teja MINGW64 ~/Desktop/VSC2/Zomato-Landing (master)
$ git add .

teja@teja MINGW64 ~/Desktop/VSC2/Zomato-Landing (master)
$ git push
Everything up-to-date

teja@teja MINGW64 ~/Desktop/VSC2/Zomato-Landing (master)
$ git status
On branch master
Your branch is up to date with 'origin/master'.

Changes to be committed:
  (use "git restore --staged <file>..." to unstage)
        modified:   README.md


teja@teja MINGW64 ~/Desktop/VSC2/Zomato-Landing (master)
$ git commit -m "Second Line Added"
[master eda8dd3] Second Line Added
 1 file changed, 1 insertion(+)

teja@teja MINGW64 ~/Desktop/VSC2/Zomato-Landing (master)
$ git push
Enumerating objects: 5, done.
Counting objects: 100% (5/5), done.
Delta compression using up to 4 threads
Compressing objects: 100% (2/2), done.
Writing objects: 100% (3/3), 315 bytes | 157.00 KiB/s, done.       
Total 3 (delta 0), reused 0 (delta 0), pack-reused 0 (from 0)      
To https://github.com/tejaspatil3/Zomato-landing-page-1.git
   96782a4..eda8dd3  master -> master

teja@teja MINGW64 ~/Desktop/VSC2/Zomato-Landing (master)
$ git status
On branch master
Your branch is up to date with 'origin/master'.

nothing to commit, working tree clean

teja@teja MINGW64 ~/Desktop/VSC2/Zomato-Landing (master)
$ git pull origin master
From https://github.com/tejaspatil3/Zomato-landing-page-1
 * branch            master     -> FETCH_HEAD
Already up to date.

teja@teja MINGW64 ~/Desktop/VSC2/Zomato-Landing (master)
$ git pull origin master
From https://github.com/tejaspatil3/Zomato-landing-page-1
 * branch            master     -> FETCH_HEAD
Already up to date.

teja@teja MINGW64 ~/Desktop/VSC2/Zomato-Landing (master)
$ git commit -m "Update for readme file"
On branch master
Your branch is up to date with 'origin/master'.

Changes not staged for commit:
  (use "git add <file>..." to update what will be committed)
  (use "git restore <file>..." to discard changes in working directory)
        modified:   README.md

no changes added to commit (use "git add" and/or "git commit -a")

teja@teja MINGW64 ~/Desktop/VSC2/Zomato-Landing (master)
$ git add .

teja@teja MINGW64 ~/Desktop/VSC2/Zomato-Landing (master)
$ git commit -m "Update for readme file"
[master 1c51c7e] Update for readme file
 1 file changed, 1 insertion(+), 1 deletion(-)

teja@teja MINGW64 ~/Desktop/VSC2/Zomato-Landing (master)
$ git push origin master
Enumerating objects: 5, done.
Counting objects: 100% (5/5), done.
Delta compression using up to 4 threads
Compressing objects: 100% (2/2), done.
Writing objects: 100% (3/3), 316 bytes | 316.00 KiB/s, done.
Total 3 (delta 0), reused 0 (delta 0), pack-reused 0 (from 0)
To https://github.com/tejaspatil3/Zomato-landing-page-1.git
   eda8dd3..1c51c7e  master -> master

teja@teja MINGW64 ~/Desktop/VSC2/Zomato-Landing (master)
$ git pull origin master
From https://github.com/tejaspatil3/Zomato-landing-page-1
 * branch            master     -> FETCH_HEAD
Already up to date.

teja@teja MINGW64 ~/Desktop/VSC2/Zomato-Landing (master)
$